                                                            
                                                                        
,--         ®Ä            °Ù  ®Ä  ®Ä  ®Ä
    )     ®Ä®Ä®Ä®Ä            ®Ä  ®Ä  ®Ä
  _'-  _    ®Ä  ®Ä        °Ù°Ò®Ä°Ò®Ä°Ò®Ä
 (    ) ),°–®Ä  ®Ä  ®ç        ®Ä  ®Ä  ®Ä       
        ®ç®Ä®Ä°–®Ä®Ä®Ä    °Ù®ç®Ä  ®Ä®ê®Ä          
_________________)         (   )                             
                          (    )
                       (  ®Ä®Ä®Ä®Ä®Ä          ®Ä®Ä®Ä®Ä
                      (   ®Ä®é  ®è®Ä      
                        ) ®Ä  ®Ä  ®Ä        ®Ä®Ä®Ä®Ä®Ä®Ä
                       (  ®Ä®ç  ®ê®Ä  ®ç      ®ç®è  ®é
                      ®ê®Ä®Ä      ®Ä®Ä®Ä    ®ç®Ä®Ä®Ä®Ä®é
                         (   )
                    ________[_]________      /\/    \/  \
           /\      /\        ______    \    /   /\/\  /\/\
          /  \    //_\       \    /\    \  /\/\/    \/    \
   /\    / /\/\  //___\       \__/  \    \/
  /  \  /\/    \//_____\       \ |[]|     \
 /\/\/\/       //_______\       \|__|      \
/      \      /XXXXXXXXXX\                  \
        \    /_I_II  I__I_\__________________\
               I_I|  I__I_____[]_|_[]_____I
               I_II  I__I_____[]_|_[]_____I
               I II__I  I     XXXXXXX     I
            ~~~~~"   "~~~~~~~~~~~~~~~~~~~~~~~~
            
